# serializer version: 1
# name: TestAsyncGetConfigEntryDiagnostics.test_diagnostics_snapshot
  dict({
    'anonymous_share': dict({
      'enabled': True,
      'pending_devices': 1,
      'pending_errors': 0,
    }),
    'coordinator': dict({
      'device_count': 1,
      'last_update_success': True,
      'mqtt_connected': True,
      'update_interval': '0:00:45',
    }),
    'devices': list([
      dict({
        'available': True,
        'category': 1,
        'device_type': 1,
        'device_type_hex': 'ff000001',
        'extra_data': dict({
          'gateway_device_id': '**REDACTED**',
          'power_info': dict({
            'energyList': list([
            ]),
            'nowPower': 0.0,
          }),
        }),
        'is_connected': True,
        'is_group': False,
        'name': '**REDACTED**',
        'physical_model': 'light',
        'properties': dict({
          'brightness': '76',
          'colorTemp': '4200',
          'ipAddress': '**REDACTED**',
          'mac': '**REDACTED**',
          'powerState': '1',
        }),
        'room_name': '**REDACTED**',
      }),
    ]),
    'entry': dict({
      'data': dict({
        'access_token': '**REDACTED**',
        'phone': '**REDACTED**',
        'refresh_token': '**REDACTED**',
        'safe_value': 'ok',
        'user_id': '**REDACTED**',
      }),
      'options': dict({
        'anonymous_share_enabled': True,
        'scan_interval': 45,
      }),
      'title': 'Lipro (138****0000)',
    }),
  })
# ---
